// Jest Snapshot v1, https://goo.gl/fbAQLP

exports[`Search Bar renders correctly 1`] = `[Function]`;
